   0 [ SaveImports  ] 0       
   1 [ MakeEnv      ] 1       
   2 [ MakeNumber   ] 6       
   3 [ MakeDef      ] 0       (x)
   4 [ Jump         ] 7       (-> 11)
   5 [ MakeNumber   ] 1       
   6 [ MakeNumber   ] 2       
   7 [ MakeNumber   ] 3       
   8 [ MakeArray    ] 3       
   9 [ SaveVal      ] 0       (x)
  10 [ Return       ]
  11 [ MakeObj      ]
  12 [ FieldRef     ] 8       (output)
  13 [ Jump         ] 6       (-> 19)
  14 [ Dup          ]
  15 [ LangFieldRef ] 15      (!getHead)
  16 [ Pop          ] 1       
  17 [ Jump         ] 2       (-> 19)
  18 [ LangFieldRef ] 24      (!getTail)
  19 [ Dispatch     ]
