   0 [ SaveImports  ] 0       
   1 [ MakeEnv      ] 4       
   2 [ MakeNumber   ] 6       
   3 [ MakeDef      ] 0       (x)
   4 [ Jump         ] 7       (-> 11)
   5 [ MakeNumber   ] 1       
   6 [ MakeNumber   ] 2       
   7 [ MakeNumber   ] 3       
   8 [ MakeTuple    ] 3       
   9 [ SaveVal      ] 0       (x)
  10 [ Return       ]
  11 [ MakeNumber   ] 8       
  12 [ MakeDef      ] 1       (a)
  13 [ Jump         ] 2       (-> 15)
  14 [ Jump         ] 4       (-> 18)
  15 [ MakeNumber   ] 10      
  16 [ MakeDef      ] 2       (b)
  17 [ Jump         ] 2       (-> 19)
  18 [ Jump         ] 4       (-> 22)
  19 [ MakeNumber   ] 12      
  20 [ MakeDef      ] 3       (c)
  21 [ Jump         ] 7       (-> 28)
  22 [ LoadGlobal   ] 0       (x)
  23 [ Destructure  ] 3       
  24 [ SaveVal      ] 1       ()
  25 [ SaveVal      ] 2       ()
  26 [ SaveVal      ] 3       ()
  27 [ Return       ]
  28 [ MakeObj      ]
  29 [ FieldRef     ] 14      (output)
  30 [ Jump         ] 6       (-> 36)
  31 [ Dup          ]
  32 [ LangFieldRef ] 21      (!getHead)
  33 [ Pop          ] 1       
  34 [ Jump         ] 2       (-> 36)
  35 [ LangFieldRef ] 30      (!getTail)
  36 [ Dispatch     ]
