-------------------------------------------------------------------------------
Index Error:

Object does not have field 'y'
-------------------------------------------------------------------------------

At (line 2) (column 19) in 'tests/vm/fieldRefErr.test'
output = {x = 123}.y |> println
                  ^
