-------------------------------------------------------------------------------
Name Error:

Duplicate definition for name 'a'
-------------------------------------------------------------------------------

At (line 5) (column 8) in 'tests/vm/funcDupParamErr.test'
foo(a, a) = a
       ^
