-------------------------------------------------------------------------------
Index Error:

Cannot index type 'PtlsList'
-------------------------------------------------------------------------------

At (line 2) (column 19) in 'tests/vm/indexErr.test'
output = [1, 2, 3][0] |> println
                  ^
