-------------------------------------------------------------------------------
Runtime Error:

Call stack overflow
-------------------------------------------------------------------------------

At (line 57) (column 8) in 'lib/prelude/list.ptls'
  else [sep, head(list)] ++ prependToAll(sep, tail(list))
       ^
At (line 5) (column 18) in 'lib/prelude/list.ptls'
head(list) = list.!getHead
                 ^
At (line 163) (column 9) in 'lib/prelude/list.ptls'
  else [func(head(list))] ++ mapList(func, tail(list))
        ^
At (line 5) (column 18) in 'lib/prelude/list.ptls'
head(list) = list.!getHead
                 ^
At (line 163) (column 8) in 'lib/prelude/list.ptls'
  else [func(head(list))] ++ mapList(func, tail(list))
       ^
At (line 40) (column 11) in 'lib/prelude/show.ptls'
  start + elemStr + end
          ^
At (line 41) (column 9) in 'lib/prelude/show.ptls'
  where elemStr = container |> map(repr) |> join(sep)
        ^
At (line 14) (column 29) in 'lib/prelude/string.ptls'
  else concatStrings(result + head(strings), tail(strings))
                            ^
At (line 5) (column 18) in 'lib/prelude/list.ptls'
head(list) = list.!getHead
                 ^
At (line 57) (column 8) in 'lib/prelude/list.ptls'
  else [sep, head(list)] ++ prependToAll(sep, tail(list))
       ^
At (line 5) (column 18) in 'lib/prelude/list.ptls'
head(list) = list.!getHead
                 ^
At (line 163) (column 9) in 'lib/prelude/list.ptls'
  else [func(head(list))] ++ mapList(func, tail(list))
        ^
At (line 5) (column 18) in 'lib/prelude/list.ptls'
head(list) = list.!getHead
                 ^
At (line 163) (column 8) in 'lib/prelude/list.ptls'
  else [func(head(list))] ++ mapList(func, tail(list))
       ^
At (line 40) (column 11) in 'lib/prelude/show.ptls'
  start + elemStr + end
          ^
At (line 41) (column 9) in 'lib/prelude/show.ptls'
  where elemStr = container |> map(repr) |> join(sep)
        ^
At (line 14) (column 29) in 'lib/prelude/string.ptls'
  else concatStrings(result + head(strings), tail(strings))
                            ^
At (line 5) (column 18) in 'lib/prelude/list.ptls'
head(list) = list.!getHead
                 ^
At (line 53) (column 8) in 'lib/prelude/list.ptls'
  else [head(list)] ++ prependToAll(sep, tail(list))
       ^
