-------------------------------------------------------------------------------
Name Error:

No definition for name 'b'
-------------------------------------------------------------------------------

At (line 4) (column 5) in 'tests/vm/nameErr.test'
a = b
    ^
