-------------------------------------------------------------------------------
Name Error:

No definition for name 'b'
-------------------------------------------------------------------------------

At (line 4) (column 12) in 'tests/vm/objectNameErr.test'
a = {foo = b}
           ^
