-------------------------------------------------------------------------------
Name Error:

No definition for name 'b'
-------------------------------------------------------------------------------

At (line 4) (column 11) in 'tests/vm/tupleNameErr.test'
a = (123, b)
          ^
