[{foo = 4}, {foo = 4; bar = "asdf"}, {foo = false; bar = "asdf"}]
