(Program
 (Def
  (Name "y")
  (Bool true))
 (Def
  (Name "z")
  (Bool false)))
