-------------------------------------------------------------------------------
Parser Error:

Tuple must have 2 or more elements
-------------------------------------------------------------------------------

At (line 2) (column 2) in 'tests/parser/defTupleErr.test'
(a) = c
 ^
