(Program
 (Def
  (Tuple
   (Name "a"))
  (Name "c")))
