(Program
 (Def
  (Name "x")
  (Index
   (Name "foo")
   (Number 0)))
 (Def
  (Name "y")
  (BinaryOp
   Add
   (Name "foo")
   (Index
    (Map
     (Pair
      (Name "bar")
      (Name "baz")))
    (Number 0)))))
