(Program
 (Def
  (Name "x")
  (Requires
   (Name "bar")
   (Name "foo")))
 (Def
  (Name "x")
  (Conditional
   (Name "foo")
   (Name "bar")
   (Requires
    (Name "foo")
    (Name "bar"))))
 (Def
  (Name "x")
  (Conditional
   (Name "foo")
   (Name "bar")
   (Name "foo")))
 (Def
  (Name "x")
  (Conditional
   (BinaryOp
    Equals
    (Number 1)
    (Number 2))
   (Name "bar")
   (Conditional
    (Bool false)
    (Where
     (Name "a")
     (Object
      (Def
       (Name "a")
       (Number 1))))
    (Where
     (Name "foo")
     (Object
      (Def
       (Name "foo")
       (Number 1))))))))
