
x = if a then b else c
access: a global: 1
access: b global: 2
access: c global: 3
entry: x index: 0

a = false
entry: a index: 1

b = 2
entry: b index: 2

c = 3
entry: c index: 3
