-------------------------------------------------------------------------------
Name Error:

Duplicate definition for name 'y'
-------------------------------------------------------------------------------

At (line 4) (column 1) in 'tests/annotator/duplicateDefErr.test'
y = 4
^
