
x = y.foo
access: y global: 1

y = {foo = Bar}
entry: foo index: 0

x = y.foo
entry: x index: 0

y = {foo = Bar}
entry: y index: 1
