-------------------------------------------------------------------------------
Name Error:

No definition for name 'x'
-------------------------------------------------------------------------------

At (line 4) (column 5) in 'tests/annotator/missingDefErr.test'
z = x
    ^
