
b = {x: y}
access: x global: 2
access: y global: 1
entry: b index: 0

y = 1
entry: y index: 1

x = "asdf"
entry: x index: 2
