
sum(list) = 0
entry: list index: 0
entry: sum index: 0
